// Jest Snapshot v1, https://goo.gl/fbAQLP

exports[`test en multiple custom hooks should de mostrarse correctamente 1`] = `
<div>
  <h1>
    Braking bad quotes 
  </h1>
  <hr />
  <div
    className="alert alert-info text-center"
  >
    loading...
  </div>
  <button
    className="btn btn-primary"
    onClick={[Function]}
  >
    next quote
  </button>
</div>
`;
